timed default 0 src/transform.x parity True
timed default 0 src/emit.x parity True
timed default 0 src/expressions.x parity True
timed default 0 src/generate.x parity True
timed default 0 src/parse.x parity True
timed default 0 src/type.x parity True
timed default 0 lib/tokenizer.x parity True
timed default 0 unittest/benchmarks/exception-hot-paths.x parity True
timed default 1 src/transform.x parity True
timed default 1 src/emit.x parity True
timed default 1 src/expressions.x parity True
timed default 1 src/generate.x parity True
timed default 1 src/parse.x parity True
timed default 1 src/type.x parity True
timed default 1 lib/tokenizer.x parity True
timed default 1 unittest/benchmarks/exception-hot-paths.x parity True
timed default 2 src/transform.x parity True
timed default 2 src/emit.x parity True
timed default 2 src/expressions.x parity True
timed default 2 src/generate.x parity True
timed default 2 src/parse.x parity True
timed default 2 src/type.x parity True
timed default 2 lib/tokenizer.x parity True
timed default 2 unittest/benchmarks/exception-hot-paths.x parity True
timed live 0 src/transform.x parity True
timed live 0 src/emit.x parity True
timed live 0 src/expressions.x parity True
timed live 0 src/generate.x parity True
timed live 0 src/parse.x parity True
timed live 0 src/type.x parity True
timed live 0 lib/tokenizer.x parity True
timed live 0 unittest/benchmarks/exception-hot-paths.x parity True
timed live 1 src/transform.x parity True
timed live 1 src/emit.x parity True
timed live 1 src/expressions.x parity True
timed live 1 src/generate.x parity True
timed live 1 src/parse.x parity True
timed live 1 src/type.x parity True
timed live 1 lib/tokenizer.x parity True
timed live 1 unittest/benchmarks/exception-hot-paths.x parity True
timed live 2 src/transform.x parity True
timed live 2 src/emit.x parity True
timed live 2 src/expressions.x parity True
timed live 2 src/generate.x parity True
timed live 2 src/parse.x parity True
timed live 2 src/type.x parity True
timed live 2 lib/tokenizer.x parity True
timed live 2 unittest/benchmarks/exception-hot-paths.x parity True
counts default 0 src/transform.x parity True
counts default 0 src/emit.x parity True
counts default 0 src/expressions.x parity True
counts default 0 src/generate.x parity True
counts default 0 src/parse.x parity True
counts default 0 src/type.x parity True
counts default 0 lib/tokenizer.x parity True
counts default 0 unittest/benchmarks/exception-hot-paths.x parity True
counts live 0 src/transform.x parity True
counts live 0 src/emit.x parity True
counts live 0 src/expressions.x parity True
counts live 0 src/generate.x parity True
counts live 0 src/parse.x parity True
counts live 0 src/type.x parity True
counts live 0 lib/tokenizer.x parity True
counts live 0 unittest/benchmarks/exception-hot-paths.x parity True
fixture default 0 unittest/compiler-fixtures/defer-try-cleanup.x parity True
fixture default 1 unittest/compiler-fixtures/defer-try-cleanup.x parity True
fixture default 2 unittest/compiler-fixtures/defer-try-cleanup.x parity True
